""1-1
"&!88"2-1
183-1
"use \n to denote a newline character"3-4
"include a quote like this \" and a backslash like this \\"4-1
"good string literall"7-1